SQL> @oml4sql-time-series-regression
SQL> -----------------------------------------------------------------------
SQL> --   Oracle Machine Learning for SQL (OML4SQL) 23ai
SQL> --
SQL> --   Time Series Regression - Using Exponential Smoothing with
SQL> --      Generalized Linear Model and Extreme Gradient Boosting
SQL> --
SQL> --   Copyright (c) 2024 Oracle Corporation and/or its affilitiates.
SQL> --
SQL> --   The Universal Permissive License (UPL), Version 1.0
SQL> --
SQL> --   https://oss.oracle.com/licenses/upl
SQL> -----------------------------------------------------------------------
SQL>
SQL> SET ECHO ON
SQL> SET FEEDBACK 1
SQL> SET NUMWIDTH 10
SQL> SET LINESIZE 80
SQL> SET TRIMSPOOL ON
SQL> SET TAB OFF
SQL> SET PAGESIZE 100
SQL>
SQL> SET echo off;

Table EUSTOCKが削除されました。


Table EUSTOCKは作成されました。


1行挿入しました。


1行挿入しました。


1行挿入しました。


1行挿入しました。


1行挿入しました。


1行挿入しました。


1行挿入しました。


1行挿入しました。


1行挿入しました。


1行挿入しました。


1行挿入しました。


1行挿入しました。


1行挿入しました。


1行挿入しました。


1行挿入しました。


1行挿入しました。


1行挿入しました。


1行挿入しました。


1行挿入しました。


1行挿入しました。


1行挿入しました。


1行挿入しました。


1行挿入しました。


1行挿入しました。


1行挿入しました。


1行挿入しました。


1行挿入しました。


1行挿入しました。


1行挿入しました。


1行挿入しました。


1行挿入しました。


1行挿入しました。


1行挿入しました。


1行挿入しました。


1行挿入しました。


1行挿入しました。


1行挿入しました。


1行挿入しました。


1行挿入しました。


1行挿入しました。


1行挿入しました。


1行挿入しました。


1行挿入しました。


1行挿入しました。


1行挿入しました。


1行挿入しました。


1行挿入しました。


1行挿入しました。


1行挿入しました。


1行挿入しました。


1行挿入しました。


1行挿入しました。


1行挿入しました。


1行挿入しました。


1行挿入しました。


1行挿入しました。


1行挿入しました。


1行挿入しました。


1行挿入しました。


1行挿入しました。


1行挿入しました。


1行挿入しました。


1行挿入しました。


1行挿入しました。


1行挿入しました。


1行挿入しました。


1行挿入しました。


1行挿入しました。


1行挿入しました。


1行挿入しました。


1行挿入しました。


1行挿入しました。


1行挿入しました。


1行挿入しました。


1行挿入しました。


1行挿入しました。


1行挿入しました。


1行挿入しました。


1行挿入しました。


1行挿入しました。


1行挿入しました。


1行挿入しました。


1行挿入しました。


1行挿入しました。


1行挿入しました。


1行挿入しました。


1行挿入しました。


1行挿入しました。


1行挿入しました。


1行挿入しました。


1行挿入しました。


1行挿入しました。


1行挿入しました。


1行挿入しました。


1行挿入しました。


1行挿入しました。


1行挿入しました。


1行挿入しました。


1行挿入しました。


1行挿入しました。


1行挿入しました。


1行挿入しました。


1行挿入しました。


1行挿入しました。


1行挿入しました。


1行挿入しました。


1行挿入しました。


1行挿入しました。


1行挿入しました。


1行挿入しました。


1行挿入しました。


1行挿入しました。


1行挿入しました。


1行挿入しました。


1行挿入しました。


1行挿入しました。


1行挿入しました。


1行挿入しました。


1行挿入しました。


1行挿入しました。


1行挿入しました。


1行挿入しました。


1行挿入しました。


1行挿入しました。


1行挿入しました。


1行挿入しました。


1行挿入しました。


1行挿入しました。


1行挿入しました。


1行挿入しました。


1行挿入しました。


1行挿入しました。


1行挿入しました。


1行挿入しました。


1行挿入しました。


1行挿入しました。


1行挿入しました。


1行挿入しました。


1行挿入しました。


1行挿入しました。


1行挿入しました。


1行挿入しました。


1行挿入しました。


1行挿入しました。


1行挿入しました。


1行挿入しました。


1行挿入しました。


1行挿入しました。


1行挿入しました。


1行挿入しました。


1行挿入しました。


1行挿入しました。


1行挿入しました。


1行挿入しました。


1行挿入しました。


1行挿入しました。


1行挿入しました。


1行挿入しました。


1行挿入しました。


1行挿入しました。


1行挿入しました。


1行挿入しました。


1行挿入しました。


1行挿入しました。


1行挿入しました。


1行挿入しました。


1行挿入しました。


1行挿入しました。


1行挿入しました。


1行挿入しました。


1行挿入しました。


1行挿入しました。


1行挿入しました。


1行挿入しました。


1行挿入しました。


1行挿入しました。


1行挿入しました。


1行挿入しました。


1行挿入しました。


1行挿入しました。


1行挿入しました。


1行挿入しました。


1行挿入しました。


1行挿入しました。


1行挿入しました。


1行挿入しました。


1行挿入しました。


1行挿入しました。


1行挿入しました。


1行挿入しました。


1行挿入しました。


1行挿入しました。


1行挿入しました。


1行挿入しました。


1行挿入しました。


1行挿入しました。


1行挿入しました。


1行挿入しました。


1行挿入しました。


1行挿入しました。


1行挿入しました。


1行挿入しました。


1行挿入しました。


1行挿入しました。


1行挿入しました。


1行挿入しました。


1行挿入しました。


1行挿入しました。


1行挿入しました。


1行挿入しました。


1行挿入しました。


1行挿入しました。


1行挿入しました。


1行挿入しました。


1行挿入しました。


1行挿入しました。


1行挿入しました。


1行挿入しました。


1行挿入しました。


1行挿入しました。


1行挿入しました。


1行挿入しました。


1行挿入しました。


1行挿入しました。


1行挿入しました。


1行挿入しました。


1行挿入しました。


1行挿入しました。


1行挿入しました。


1行挿入しました。


1行挿入しました。


1行挿入しました。


1行挿入しました。


1行挿入しました。


1行挿入しました。


1行挿入しました。


1行挿入しました。


1行挿入しました。


1行挿入しました。


1行挿入しました。


1行挿入しました。


1行挿入しました。


1行挿入しました。


1行挿入しました。


1行挿入しました。


1行挿入しました。


1行挿入しました。


1行挿入しました。


1行挿入しました。


1行挿入しました。


1行挿入しました。


1行挿入しました。


1行挿入しました。


1行挿入しました。


1行挿入しました。


1行挿入しました。


1行挿入しました。


1行挿入しました。


1行挿入しました。


1行挿入しました。


1行挿入しました。


1行挿入しました。


1行挿入しました。


1行挿入しました。


1行挿入しました。


1行挿入しました。


1行挿入しました。


1行挿入しました。


1行挿入しました。


1行挿入しました。


1行挿入しました。


1行挿入しました。


1行挿入しました。


1行挿入しました。


1行挿入しました。


1行挿入しました。


1行挿入しました。


1行挿入しました。


1行挿入しました。


1行挿入しました。


1行挿入しました。


1行挿入しました。


1行挿入しました。


1行挿入しました。


1行挿入しました。


1行挿入しました。


1行挿入しました。


1行挿入しました。


1行挿入しました。


1行挿入しました。


1行挿入しました。


1行挿入しました。


1行挿入しました。


1行挿入しました。


1行挿入しました。


1行挿入しました。


1行挿入しました。


1行挿入しました。


1行挿入しました。


1行挿入しました。


1行挿入しました。


1行挿入しました。


1行挿入しました。


1行挿入しました。


1行挿入しました。


1行挿入しました。


1行挿入しました。


1行挿入しました。


1行挿入しました。


1行挿入しました。


1行挿入しました。


1行挿入しました。


1行挿入しました。


1行挿入しました。


1行挿入しました。


1行挿入しました。


1行挿入しました。


1行挿入しました。


1行挿入しました。


1行挿入しました。


1行挿入しました。


1行挿入しました。


1行挿入しました。


1行挿入しました。


1行挿入しました。


1行挿入しました。


1行挿入しました。


1行挿入しました。


1行挿入しました。


1行挿入しました。


1行挿入しました。


1行挿入しました。


1行挿入しました。


1行挿入しました。


1行挿入しました。


1行挿入しました。


1行挿入しました。


1行挿入しました。


1行挿入しました。


1行挿入しました。


1行挿入しました。


1行挿入しました。


1行挿入しました。


1行挿入しました。


1行挿入しました。


1行挿入しました。


1行挿入しました。


1行挿入しました。


1行挿入しました。


1行挿入しました。


1行挿入しました。


1行挿入しました。


1行挿入しました。


1行挿入しました。


1行挿入しました。


1行挿入しました。


1行挿入しました。


1行挿入しました。


1行挿入しました。


1行挿入しました。


1行挿入しました。


1行挿入しました。


1行挿入しました。


1行挿入しました。


1行挿入しました。


1行挿入しました。


1行挿入しました。


1行挿入しました。


1行挿入しました。


1行挿入しました。


1行挿入しました。


1行挿入しました。


1行挿入しました。


1行挿入しました。


1行挿入しました。


1行挿入しました。


1行挿入しました。


1行挿入しました。


1行挿入しました。


1行挿入しました。


1行挿入しました。


1行挿入しました。


1行挿入しました。


1行挿入しました。


1行挿入しました。


1行挿入しました。


1行挿入しました。


1行挿入しました。


1行挿入しました。


1行挿入しました。


1行挿入しました。


1行挿入しました。


1行挿入しました。


1行挿入しました。


1行挿入しました。


1行挿入しました。


1行挿入しました。


1行挿入しました。


1行挿入しました。


1行挿入しました。


1行挿入しました。


1行挿入しました。


1行挿入しました。


1行挿入しました。


1行挿入しました。


1行挿入しました。


1行挿入しました。


1行挿入しました。


1行挿入しました。


1行挿入しました。


1行挿入しました。


1行挿入しました。


1行挿入しました。


1行挿入しました。


1行挿入しました。


1行挿入しました。


1行挿入しました。


1行挿入しました。


1行挿入しました。


1行挿入しました。


1行挿入しました。


1行挿入しました。


1行挿入しました。


1行挿入しました。


1行挿入しました。


1行挿入しました。


1行挿入しました。


1行挿入しました。


1行挿入しました。


1行挿入しました。


1行挿入しました。


1行挿入しました。


1行挿入しました。


1行挿入しました。


1行挿入しました。


1行挿入しました。


1行挿入しました。


1行挿入しました。


1行挿入しました。


1行挿入しました。


1行挿入しました。


1行挿入しました。


1行挿入しました。


1行挿入しました。


1行挿入しました。


1行挿入しました。


1行挿入しました。


1行挿入しました。


1行挿入しました。


1行挿入しました。


1行挿入しました。


1行挿入しました。


1行挿入しました。


1行挿入しました。


1行挿入しました。


1行挿入しました。


1行挿入しました。


1行挿入しました。


1行挿入しました。


1行挿入しました。


1行挿入しました。


1行挿入しました。


1行挿入しました。


1行挿入しました。


1行挿入しました。


1行挿入しました。


1行挿入しました。


1行挿入しました。


1行挿入しました。


1行挿入しました。


1行挿入しました。


1行挿入しました。


1行挿入しました。


1行挿入しました。


1行挿入しました。


1行挿入しました。


1行挿入しました。


1行挿入しました。


1行挿入しました。


1行挿入しました。


1行挿入しました。


1行挿入しました。


1行挿入しました。


1行挿入しました。


1行挿入しました。


1行挿入しました。


1行挿入しました。


1行挿入しました。


1行挿入しました。


1行挿入しました。


1行挿入しました。


1行挿入しました。


1行挿入しました。


1行挿入しました。


1行挿入しました。


1行挿入しました。


1行挿入しました。


1行挿入しました。


1行挿入しました。


1行挿入しました。


1行挿入しました。


1行挿入しました。


1行挿入しました。


1行挿入しました。


1行挿入しました。


1行挿入しました。


1行挿入しました。


1行挿入しました。


1行挿入しました。


1行挿入しました。


1行挿入しました。


1行挿入しました。


1行挿入しました。


1行挿入しました。


1行挿入しました。


1行挿入しました。


1行挿入しました。


1行挿入しました。


1行挿入しました。


1行挿入しました。


1行挿入しました。


1行挿入しました。


1行挿入しました。


1行挿入しました。


1行挿入しました。


1行挿入しました。


1行挿入しました。


1行挿入しました。


1行挿入しました。


1行挿入しました。


1行挿入しました。


1行挿入しました。


1行挿入しました。


1行挿入しました。


1行挿入しました。


1行挿入しました。


1行挿入しました。


1行挿入しました。


1行挿入しました。


1行挿入しました。


1行挿入しました。


1行挿入しました。


1行挿入しました。


1行挿入しました。


1行挿入しました。


1行挿入しました。


1行挿入しました。


1行挿入しました。


1行挿入しました。


1行挿入しました。


1行挿入しました。


1行挿入しました。


1行挿入しました。


1行挿入しました。


1行挿入しました。


1行挿入しました。


1行挿入しました。


1行挿入しました。


1行挿入しました。


1行挿入しました。


1行挿入しました。


1行挿入しました。


1行挿入しました。


1行挿入しました。


1行挿入しました。


1行挿入しました。


1行挿入しました。


1行挿入しました。


1行挿入しました。


1行挿入しました。


1行挿入しました。


1行挿入しました。


1行挿入しました。


1行挿入しました。


1行挿入しました。


1行挿入しました。


1行挿入しました。


1行挿入しました。


1行挿入しました。


1行挿入しました。


1行挿入しました。


1行挿入しました。


1行挿入しました。


1行挿入しました。


1行挿入しました。


1行挿入しました。


1行挿入しました。


1行挿入しました。


1行挿入しました。


1行挿入しました。


1行挿入しました。


1行挿入しました。


1行挿入しました。


1行挿入しました。


1行挿入しました。


1行挿入しました。


1行挿入しました。


1行挿入しました。


1行挿入しました。


1行挿入しました。


1行挿入しました。


1行挿入しました。


1行挿入しました。


1行挿入しました。


1行挿入しました。


1行挿入しました。


1行挿入しました。


1行挿入しました。


1行挿入しました。


1行挿入しました。


1行挿入しました。


1行挿入しました。


1行挿入しました。


1行挿入しました。


1行挿入しました。


1行挿入しました。


1行挿入しました。


1行挿入しました。


1行挿入しました。


1行挿入しました。


1行挿入しました。


1行挿入しました。


1行挿入しました。


1行挿入しました。


1行挿入しました。


1行挿入しました。


1行挿入しました。


1行挿入しました。


1行挿入しました。


1行挿入しました。


1行挿入しました。


1行挿入しました。


1行挿入しました。


1行挿入しました。


1行挿入しました。


1行挿入しました。


1行挿入しました。


1行挿入しました。


1行挿入しました。


1行挿入しました。


1行挿入しました。


1行挿入しました。


1行挿入しました。


1行挿入しました。


1行挿入しました。


1行挿入しました。


1行挿入しました。


1行挿入しました。


1行挿入しました。


1行挿入しました。


1行挿入しました。


1行挿入しました。


1行挿入しました。


1行挿入しました。


1行挿入しました。


1行挿入しました。


1行挿入しました。


1行挿入しました。


1行挿入しました。


1行挿入しました。


1行挿入しました。


1行挿入しました。


1行挿入しました。


1行挿入しました。


1行挿入しました。


1行挿入しました。


1行挿入しました。


1行挿入しました。


1行挿入しました。


1行挿入しました。


1行挿入しました。


1行挿入しました。


1行挿入しました。


1行挿入しました。


1行挿入しました。


1行挿入しました。


1行挿入しました。


1行挿入しました。


1行挿入しました。


1行挿入しました。


1行挿入しました。


1行挿入しました。


1行挿入しました。


1行挿入しました。


1行挿入しました。


1行挿入しました。


1行挿入しました。


1行挿入しました。


1行挿入しました。


1行挿入しました。


1行挿入しました。


1行挿入しました。


1行挿入しました。


1行挿入しました。


1行挿入しました。


1行挿入しました。


1行挿入しました。


1行挿入しました。


1行挿入しました。


1行挿入しました。


1行挿入しました。


1行挿入しました。


1行挿入しました。


1行挿入しました。


1行挿入しました。


1行挿入しました。


1行挿入しました。


1行挿入しました。


1行挿入しました。


1行挿入しました。


1行挿入しました。


1行挿入しました。


1行挿入しました。


1行挿入しました。


1行挿入しました。


1行挿入しました。


1行挿入しました。


1行挿入しました。


1行挿入しました。


1行挿入しました。


1行挿入しました。


1行挿入しました。


1行挿入しました。


1行挿入しました。


1行挿入しました。


1行挿入しました。


1行挿入しました。


1行挿入しました。


1行挿入しました。


1行挿入しました。


1行挿入しました。


1行挿入しました。


1行挿入しました。


1行挿入しました。


1行挿入しました。


1行挿入しました。


1行挿入しました。


1行挿入しました。


1行挿入しました。


1行挿入しました。


1行挿入しました。


1行挿入しました。


1行挿入しました。


1行挿入しました。


1行挿入しました。


1行挿入しました。


1行挿入しました。


1行挿入しました。


1行挿入しました。


1行挿入しました。


1行挿入しました。


1行挿入しました。


1行挿入しました。


1行挿入しました。


1行挿入しました。


1行挿入しました。


1行挿入しました。


1行挿入しました。


1行挿入しました。


1行挿入しました。


1行挿入しました。


1行挿入しました。


1行挿入しました。


1行挿入しました。


1行挿入しました。


1行挿入しました。


1行挿入しました。


1行挿入しました。


1行挿入しました。


1行挿入しました。


1行挿入しました。


1行挿入しました。


1行挿入しました。


1行挿入しました。


1行挿入しました。


1行挿入しました。


1行挿入しました。


1行挿入しました。


1行挿入しました。


1行挿入しました。


1行挿入しました。


1行挿入しました。


1行挿入しました。


1行挿入しました。


1行挿入しました。


1行挿入しました。


1行挿入しました。


1行挿入しました。


1行挿入しました。


1行挿入しました。


1行挿入しました。


1行挿入しました。


1行挿入しました。


1行挿入しました。


1行挿入しました。


1行挿入しました。


1行挿入しました。


1行挿入しました。


1行挿入しました。


1行挿入しました。


1行挿入しました。


1行挿入しました。


1行挿入しました。


1行挿入しました。


1行挿入しました。


1行挿入しました。


1行挿入しました。


1行挿入しました。


1行挿入しました。


1行挿入しました。


1行挿入しました。


1行挿入しました。


1行挿入しました。


1行挿入しました。


1行挿入しました。


1行挿入しました。


1行挿入しました。


1行挿入しました。


1行挿入しました。


1行挿入しました。


1行挿入しました。


1行挿入しました。


1行挿入しました。


1行挿入しました。


1行挿入しました。


1行挿入しました。


1行挿入しました。


1行挿入しました。


1行挿入しました。


1行挿入しました。


1行挿入しました。


1行挿入しました。


1行挿入しました。


1行挿入しました。


1行挿入しました。


1行挿入しました。


1行挿入しました。


1行挿入しました。


1行挿入しました。


1行挿入しました。


1行挿入しました。


1行挿入しました。


1行挿入しました。


1行挿入しました。


1行挿入しました。


1行挿入しました。


1行挿入しました。


1行挿入しました。


1行挿入しました。


1行挿入しました。


1行挿入しました。


1行挿入しました。


1行挿入しました。


1行挿入しました。


1行挿入しました。


1行挿入しました。


1行挿入しました。


1行挿入しました。


1行挿入しました。


1行挿入しました。


1行挿入しました。


1行挿入しました。


1行挿入しました。


1行挿入しました。


1行挿入しました。


1行挿入しました。


1行挿入しました。


1行挿入しました。


1行挿入しました。


1行挿入しました。


1行挿入しました。


1行挿入しました。


1行挿入しました。


1行挿入しました。


1行挿入しました。


1行挿入しました。


1行挿入しました。


1行挿入しました。


1行挿入しました。


1行挿入しました。


1行挿入しました。


1行挿入しました。


1行挿入しました。


1行挿入しました。


1行挿入しました。


1行挿入しました。


1行挿入しました。


1行挿入しました。


1行挿入しました。


1行挿入しました。


1行挿入しました。


1行挿入しました。


1行挿入しました。


1行挿入しました。


1行挿入しました。


1行挿入しました。


1行挿入しました。


1行挿入しました。


1行挿入しました。


1行挿入しました。


1行挿入しました。


1行挿入しました。


1行挿入しました。


1行挿入しました。


1行挿入しました。


1行挿入しました。


1行挿入しました。


1行挿入しました。


1行挿入しました。


1行挿入しました。


1行挿入しました。


1行挿入しました。


1行挿入しました。


1行挿入しました。


1行挿入しました。


1行挿入しました。


1行挿入しました。


1行挿入しました。


1行挿入しました。


1行挿入しました。


1行挿入しました。


1行挿入しました。


1行挿入しました。


1行挿入しました。


1行挿入しました。


1行挿入しました。


1行挿入しました。


1行挿入しました。


1行挿入しました。


1行挿入しました。


1行挿入しました。


1行挿入しました。


1行挿入しました。


1行挿入しました。


1行挿入しました。


1行挿入しました。


1行挿入しました。


1行挿入しました。


1行挿入しました。


1行挿入しました。


1行挿入しました。


1行挿入しました。


1行挿入しました。


1行挿入しました。


1行挿入しました。


1行挿入しました。


1行挿入しました。


1行挿入しました。


1行挿入しました。


1行挿入しました。


1行挿入しました。


1行挿入しました。


1行挿入しました。


1行挿入しました。


1行挿入しました。


1行挿入しました。


1行挿入しました。


1行挿入しました。


1行挿入しました。


1行挿入しました。


1行挿入しました。


1行挿入しました。


1行挿入しました。


1行挿入しました。


1行挿入しました。


1行挿入しました。


1行挿入しました。


1行挿入しました。


1行挿入しました。


1行挿入しました。


1行挿入しました。


1行挿入しました。


1行挿入しました。


1行挿入しました。


1行挿入しました。


1行挿入しました。


1行挿入しました。


1行挿入しました。


1行挿入しました。


1行挿入しました。


1行挿入しました。


1行挿入しました。


1行挿入しました。


1行挿入しました。


1行挿入しました。


1行挿入しました。


1行挿入しました。


1行挿入しました。


1行挿入しました。


1行挿入しました。


1行挿入しました。


1行挿入しました。


1行挿入しました。


1行挿入しました。


1行挿入しました。


1行挿入しました。


1行挿入しました。


1行挿入しました。


1行挿入しました。


1行挿入しました。


1行挿入しました。


1行挿入しました。


1行挿入しました。


1行挿入しました。


1行挿入しました。


1行挿入しました。


1行挿入しました。


1行挿入しました。


1行挿入しました。


1行挿入しました。


1行挿入しました。


1行挿入しました。


1行挿入しました。


1行挿入しました。


1行挿入しました。


1行挿入しました。


1行挿入しました。


1行挿入しました。


1行挿入しました。


1行挿入しました。


1行挿入しました。


1行挿入しました。


1行挿入しました。


1行挿入しました。


1行挿入しました。


1行挿入しました。


1行挿入しました。


1行挿入しました。


1行挿入しました。


1行挿入しました。


1行挿入しました。


1行挿入しました。


1行挿入しました。


1行挿入しました。


1行挿入しました。


1行挿入しました。


1行挿入しました。


1行挿入しました。


1行挿入しました。


1行挿入しました。


1行挿入しました。


1行挿入しました。


1行挿入しました。


1行挿入しました。


1行挿入しました。


1行挿入しました。


1行挿入しました。


1行挿入しました。


1行挿入しました。


1行挿入しました。


1行挿入しました。


1行挿入しました。


1行挿入しました。


1行挿入しました。


1行挿入しました。


1行挿入しました。


1行挿入しました。


1行挿入しました。


1行挿入しました。


1行挿入しました。


1行挿入しました。


1行挿入しました。


1行挿入しました。


1行挿入しました。


1行挿入しました。


1行挿入しました。


1行挿入しました。


1行挿入しました。


1行挿入しました。


1行挿入しました。


1行挿入しました。


1行挿入しました。


1行挿入しました。


1行挿入しました。


1行挿入しました。


1行挿入しました。


1行挿入しました。


1行挿入しました。


1行挿入しました。


1行挿入しました。


1行挿入しました。


1行挿入しました。


1行挿入しました。


1行挿入しました。


1行挿入しました。


1行挿入しました。


1行挿入しました。


1行挿入しました。


1行挿入しました。


1行挿入しました。


1行挿入しました。


1行挿入しました。


1行挿入しました。


1行挿入しました。


1行挿入しました。


1行挿入しました。


1行挿入しました。


1行挿入しました。


1行挿入しました。


1行挿入しました。


1行挿入しました。


1行挿入しました。


1行挿入しました。


1行挿入しました。


1行挿入しました。


1行挿入しました。


1行挿入しました。


1行挿入しました。


1行挿入しました。


1行挿入しました。


1行挿入しました。


1行挿入しました。


1行挿入しました。


1行挿入しました。


1行挿入しました。


1行挿入しました。


1行挿入しました。


1行挿入しました。


1行挿入しました。


1行挿入しました。


1行挿入しました。


1行挿入しました。


1行挿入しました。


1行挿入しました。


1行挿入しました。


1行挿入しました。


1行挿入しました。


1行挿入しました。


1行挿入しました。


1行挿入しました。


1行挿入しました。


1行挿入しました。


1行挿入しました。


1行挿入しました。


1行挿入しました。


1行挿入しました。


1行挿入しました。


1行挿入しました。


1行挿入しました。


1行挿入しました。


1行挿入しました。


1行挿入しました。


1行挿入しました。


1行挿入しました。


1行挿入しました。


1行挿入しました。


1行挿入しました。


1行挿入しました。


1行挿入しました。


1行挿入しました。


1行挿入しました。


1行挿入しました。


1行挿入しました。


1行挿入しました。


1行挿入しました。


1行挿入しました。


1行挿入しました。


1行挿入しました。


1行挿入しました。


1行挿入しました。


1行挿入しました。


1行挿入しました。


1行挿入しました。


1行挿入しました。


1行挿入しました。


1行挿入しました。


1行挿入しました。


1行挿入しました。


1行挿入しました。


1行挿入しました。


1行挿入しました。


1行挿入しました。


1行挿入しました。


1行挿入しました。


1行挿入しました。


1行挿入しました。


1行挿入しました。


1行挿入しました。


1行挿入しました。


1行挿入しました。


1行挿入しました。


1行挿入しました。


1行挿入しました。


1行挿入しました。


1行挿入しました。


1行挿入しました。


1行挿入しました。


1行挿入しました。


1行挿入しました。


1行挿入しました。


1行挿入しました。


1行挿入しました。


1行挿入しました。


1行挿入しました。


1行挿入しました。


1行挿入しました。


1行挿入しました。


1行挿入しました。


1行挿入しました。


1行挿入しました。


1行挿入しました。


1行挿入しました。


1行挿入しました。


1行挿入しました。


1行挿入しました。


1行挿入しました。


1行挿入しました。


1行挿入しました。


1行挿入しました。


1行挿入しました。


1行挿入しました。


1行挿入しました。


1行挿入しました。


1行挿入しました。


1行挿入しました。


1行挿入しました。


1行挿入しました。


1行挿入しました。


1行挿入しました。


1行挿入しました。


1行挿入しました。


1行挿入しました。


1行挿入しました。


1行挿入しました。


1行挿入しました。


1行挿入しました。


1行挿入しました。


1行挿入しました。


1行挿入しました。


1行挿入しました。


1行挿入しました。


1行挿入しました。


1行挿入しました。


1行挿入しました。


1行挿入しました。


1行挿入しました。


1行挿入しました。


1行挿入しました。


1行挿入しました。


1行挿入しました。


1行挿入しました。


1行挿入しました。


1行挿入しました。


1行挿入しました。


1行挿入しました。


1行挿入しました。


1行挿入しました。


1行挿入しました。


1行挿入しました。


1行挿入しました。


1行挿入しました。


1行挿入しました。


1行挿入しました。


1行挿入しました。


1行挿入しました。


1行挿入しました。


1行挿入しました。


1行挿入しました。


1行挿入しました。


1行挿入しました。


1行挿入しました。


1行挿入しました。


1行挿入しました。


1行挿入しました。


1行挿入しました。


1行挿入しました。


1行挿入しました。


1行挿入しました。


1行挿入しました。


1行挿入しました。


1行挿入しました。


1行挿入しました。


1行挿入しました。


1行挿入しました。


1行挿入しました。


1行挿入しました。


1行挿入しました。


1行挿入しました。


1行挿入しました。


1行挿入しました。


1行挿入しました。


1行挿入しました。


1行挿入しました。


1行挿入しました。


1行挿入しました。


1行挿入しました。


1行挿入しました。


1行挿入しました。


1行挿入しました。


1行挿入しました。


1行挿入しました。


1行挿入しました。


1行挿入しました。


1行挿入しました。


1行挿入しました。


1行挿入しました。


1行挿入しました。


1行挿入しました。


1行挿入しました。


1行挿入しました。


1行挿入しました。


1行挿入しました。


1行挿入しました。


1行挿入しました。


1行挿入しました。


1行挿入しました。


1行挿入しました。


1行挿入しました。


1行挿入しました。


1行挿入しました。


1行挿入しました。


1行挿入しました。


1行挿入しました。


1行挿入しました。


1行挿入しました。


1行挿入しました。


1行挿入しました。


1行挿入しました。


1行挿入しました。


1行挿入しました。


1行挿入しました。


1行挿入しました。


1行挿入しました。


1行挿入しました。


1行挿入しました。


1行挿入しました。


1行挿入しました。


1行挿入しました。


1行挿入しました。


1行挿入しました。


1行挿入しました。


1行挿入しました。


1行挿入しました。


1行挿入しました。


1行挿入しました。


1行挿入しました。


1行挿入しました。


1行挿入しました。


1行挿入しました。


1行挿入しました。


1行挿入しました。


1行挿入しました。


1行挿入しました。


1行挿入しました。


1行挿入しました。


1行挿入しました。


1行挿入しました。


1行挿入しました。


1行挿入しました。


1行挿入しました。


1行挿入しました。


1行挿入しました。


1行挿入しました。


1行挿入しました。


1行挿入しました。


1行挿入しました。


1行挿入しました。


1行挿入しました。


1行挿入しました。


1行挿入しました。


1行挿入しました。


1行挿入しました。


1行挿入しました。


1行挿入しました。


1行挿入しました。


1行挿入しました。


1行挿入しました。


1行挿入しました。


1行挿入しました。


1行挿入しました。


1行挿入しました。


1行挿入しました。


1行挿入しました。


1行挿入しました。


1行挿入しました。


1行挿入しました。


1行挿入しました。


1行挿入しました。


1行挿入しました。


1行挿入しました。


1行挿入しました。


1行挿入しました。


1行挿入しました。


1行挿入しました。


1行挿入しました。


1行挿入しました。


1行挿入しました。


1行挿入しました。


1行挿入しました。


1行挿入しました。


1行挿入しました。


1行挿入しました。


1行挿入しました。


1行挿入しました。


1行挿入しました。


1行挿入しました。


1行挿入しました。


1行挿入しました。


1行挿入しました。


1行挿入しました。


1行挿入しました。


1行挿入しました。


1行挿入しました。


1行挿入しました。


1行挿入しました。


1行挿入しました。


1行挿入しました。


1行挿入しました。


1行挿入しました。


1行挿入しました。


1行挿入しました。


1行挿入しました。


1行挿入しました。


1行挿入しました。


1行挿入しました。


1行挿入しました。


1行挿入しました。


1行挿入しました。


1行挿入しました。


1行挿入しました。


1行挿入しました。


1行挿入しました。


1行挿入しました。


1行挿入しました。


1行挿入しました。


1行挿入しました。


1行挿入しました。


1行挿入しました。


1行挿入しました。


1行挿入しました。


1行挿入しました。


1行挿入しました。


1行挿入しました。


1行挿入しました。


1行挿入しました。


1行挿入しました。


1行挿入しました。


1行挿入しました。


1行挿入しました。


1行挿入しました。


1行挿入しました。


1行挿入しました。


1行挿入しました。


1行挿入しました。


1行挿入しました。


1行挿入しました。


1行挿入しました。


1行挿入しました。


1行挿入しました。


1行挿入しました。


1行挿入しました。


1行挿入しました。


1行挿入しました。


1行挿入しました。


1行挿入しました。


1行挿入しました。


1行挿入しました。


1行挿入しました。


1行挿入しました。


1行挿入しました。


1行挿入しました。


1行挿入しました。


1行挿入しました。


1行挿入しました。


1行挿入しました。


1行挿入しました。


1行挿入しました。


1行挿入しました。


1行挿入しました。


1行挿入しました。


1行挿入しました。


1行挿入しました。


1行挿入しました。


1行挿入しました。


1行挿入しました。


1行挿入しました。


1行挿入しました。


1行挿入しました。


1行挿入しました。


1行挿入しました。


1行挿入しました。


1行挿入しました。


1行挿入しました。


1行挿入しました。


1行挿入しました。


1行挿入しました。


1行挿入しました。


1行挿入しました。


1行挿入しました。


1行挿入しました。


1行挿入しました。


1行挿入しました。


1行挿入しました。


1行挿入しました。


1行挿入しました。


1行挿入しました。


1行挿入しました。


1行挿入しました。


1行挿入しました。


1行挿入しました。


1行挿入しました。


1行挿入しました。


1行挿入しました。


1行挿入しました。


1行挿入しました。


1行挿入しました。


1行挿入しました。


1行挿入しました。


1行挿入しました。


1行挿入しました。


1行挿入しました。


1行挿入しました。


1行挿入しました。


1行挿入しました。


1行挿入しました。


1行挿入しました。


1行挿入しました。


1行挿入しました。


1行挿入しました。


1行挿入しました。


1行挿入しました。


1行挿入しました。


1行挿入しました。


1行挿入しました。


1行挿入しました。


1行挿入しました。


1行挿入しました。


1行挿入しました。


1行挿入しました。


1行挿入しました。


1行挿入しました。


1行挿入しました。


1行挿入しました。


1行挿入しました。


1行挿入しました。


1行挿入しました。


1行挿入しました。


1行挿入しました。


1行挿入しました。


1行挿入しました。


1行挿入しました。


1行挿入しました。


1行挿入しました。


1行挿入しました。


1行挿入しました。


1行挿入しました。


1行挿入しました。


1行挿入しました。


1行挿入しました。


1行挿入しました。


1行挿入しました。


1行挿入しました。


1行挿入しました。


1行挿入しました。


1行挿入しました。


1行挿入しました。


1行挿入しました。


1行挿入しました。


1行挿入しました。


1行挿入しました。


1行挿入しました。


1行挿入しました。


1行挿入しました。


1行挿入しました。


1行挿入しました。


1行挿入しました。


1行挿入しました。


1行挿入しました。


1行挿入しました。


1行挿入しました。


1行挿入しました。


1行挿入しました。


1行挿入しました。


1行挿入しました。


1行挿入しました。


1行挿入しました。


1行挿入しました。


1行挿入しました。


1行挿入しました。


1行挿入しました。


1行挿入しました。


1行挿入しました。


1行挿入しました。


1行挿入しました。


1行挿入しました。


1行挿入しました。


1行挿入しました。


1行挿入しました。


1行挿入しました。


1行挿入しました。


1行挿入しました。


1行挿入しました。


1行挿入しました。


1行挿入しました。


1行挿入しました。


1行挿入しました。


1行挿入しました。


1行挿入しました。


1行挿入しました。


1行挿入しました。


1行挿入しました。


1行挿入しました。


1行挿入しました。


1行挿入しました。


1行挿入しました。


1行挿入しました。


1行挿入しました。


1行挿入しました。


1行挿入しました。


1行挿入しました。


1行挿入しました。


1行挿入しました。


1行挿入しました。


1行挿入しました。


1行挿入しました。


1行挿入しました。


1行挿入しました。


1行挿入しました。


1行挿入しました。


1行挿入しました。


1行挿入しました。


1行挿入しました。


1行挿入しました。


1行挿入しました。


1行挿入しました。


1行挿入しました。


1行挿入しました。


1行挿入しました。


1行挿入しました。


1行挿入しました。


1行挿入しました。


1行挿入しました。


1行挿入しました。


1行挿入しました。


1行挿入しました。


1行挿入しました。


1行挿入しました。


1行挿入しました。


1行挿入しました。


1行挿入しました。


1行挿入しました。


1行挿入しました。


1行挿入しました。


1行挿入しました。


1行挿入しました。


1行挿入しました。


1行挿入しました。


1行挿入しました。


1行挿入しました。


1行挿入しました。


1行挿入しました。


1行挿入しました。


1行挿入しました。


1行挿入しました。


1行挿入しました。


1行挿入しました。


1行挿入しました。


1行挿入しました。


1行挿入しました。


1行挿入しました。


1行挿入しました。


1行挿入しました。


1行挿入しました。


1行挿入しました。


1行挿入しました。


1行挿入しました。


1行挿入しました。


1行挿入しました。


1行挿入しました。


1行挿入しました。


1行挿入しました。


1行挿入しました。


1行挿入しました。


1行挿入しました。


1行挿入しました。


1行挿入しました。


1行挿入しました。


1行挿入しました。


1行挿入しました。


1行挿入しました。


1行挿入しました。


1行挿入しました。


1行挿入しました。


1行挿入しました。


1行挿入しました。


1行挿入しました。


1行挿入しました。


1行挿入しました。


1行挿入しました。


1行挿入しました。


1行挿入しました。


1行挿入しました。


1行挿入しました。


1行挿入しました。


1行挿入しました。


1行挿入しました。


1行挿入しました。


1行挿入しました。


1行挿入しました。


1行挿入しました。


1行挿入しました。


1行挿入しました。


1行挿入しました。


1行挿入しました。


1行挿入しました。


1行挿入しました。


1行挿入しました。


1行挿入しました。


1行挿入しました。


1行挿入しました。


1行挿入しました。


1行挿入しました。


1行挿入しました。


1行挿入しました。


1行挿入しました。


1行挿入しました。


1行挿入しました。


1行挿入しました。


1行挿入しました。


1行挿入しました。


1行挿入しました。


1行挿入しました。


1行挿入しました。


1行挿入しました。


1行挿入しました。


1行挿入しました。


1行挿入しました。


1行挿入しました。


1行挿入しました。


1行挿入しました。


1行挿入しました。


1行挿入しました。


1行挿入しました。


1行挿入しました。


1行挿入しました。


1行挿入しました。


1行挿入しました。


1行挿入しました。


1行挿入しました。


1行挿入しました。


1行挿入しました。


1行挿入しました。


1行挿入しました。


1行挿入しました。


1行挿入しました。


1行挿入しました。


1行挿入しました。


1行挿入しました。


1行挿入しました。


1行挿入しました。


1行挿入しました。


1行挿入しました。


1行挿入しました。


1行挿入しました。


1行挿入しました。


1行挿入しました。


1行挿入しました。


1行挿入しました。


1行挿入しました。


1行挿入しました。


1行挿入しました。


1行挿入しました。


1行挿入しました。


1行挿入しました。


1行挿入しました。


1行挿入しました。


1行挿入しました。


1行挿入しました。


1行挿入しました。


1行挿入しました。


1行挿入しました。


1行挿入しました。


1行挿入しました。


1行挿入しました。


1行挿入しました。


1行挿入しました。


1行挿入しました。


1行挿入しました。


1行挿入しました。


1行挿入しました。


1行挿入しました。


1行挿入しました。


1行挿入しました。


1行挿入しました。


1行挿入しました。


1行挿入しました。


1行挿入しました。


1行挿入しました。


1行挿入しました。


1行挿入しました。


1行挿入しました。


1行挿入しました。


1行挿入しました。


1行挿入しました。


1行挿入しました。


1行挿入しました。


1行挿入しました。


1行挿入しました。


1行挿入しました。


1行挿入しました。


1行挿入しました。


1行挿入しました。


1行挿入しました。


1行挿入しました。


1行挿入しました。


1行挿入しました。


1行挿入しました。


1行挿入しました。


1行挿入しました。


1行挿入しました。


1行挿入しました。


1行挿入しました。


1行挿入しました。


1行挿入しました。


1行挿入しました。


1行挿入しました。


1行挿入しました。


1行挿入しました。


1行挿入しました。


1行挿入しました。


1行挿入しました。


1行挿入しました。


1行挿入しました。


1行挿入しました。


1行挿入しました。


1行挿入しました。


1行挿入しました。


1行挿入しました。


1行挿入しました。


1行挿入しました。


1行挿入しました。


1行挿入しました。


1行挿入しました。


1行挿入しました。


1行挿入しました。


1行挿入しました。


1行挿入しました。


1行挿入しました。


1行挿入しました。


1行挿入しました。


1行挿入しました。


1行挿入しました。


1行挿入しました。


1行挿入しました。


1行挿入しました。


1行挿入しました。


1行挿入しました。


1行挿入しました。


1行挿入しました。


1行挿入しました。


1行挿入しました。


1行挿入しました。


1行挿入しました。


1行挿入しました。


1行挿入しました。


1行挿入しました。


1行挿入しました。


1行挿入しました。


1行挿入しました。


1行挿入しました。


1行挿入しました。


PL/SQLプロシージャが正常に完了しました。

SQL> DECLARE
  2      v_setlst DBMS_DATA_MINING.SETTING_LIST;
  3  BEGIN
  4      v_setlst('ALGO_NAME')            := 'ALGO_EXPONENTIAL_SMOOTHING';
  5      v_setlst('EXSM_INTERVAL')        := 'EXSM_INTERVAL_DAY';
  6      v_setlst('EXSM_MODEL')           := 'EXSM_ADDWINTERS_DAMPED';
  7      v_setlst('EXSM_SEASONALITY')     := '7';
  8      v_setlst('EXSM_PREDICTION_STEP') := '1';
  9      v_setlst('EXSM_SERIES_LIST')     := 'SMI,CAC,FTSE';
 10
 11      dbms_data_mining.create_model2(
 12                 MODEL_NAME          => 'MSDEMO_MODEL',
 13                 MINING_FUNCTION     => 'TIME_SERIES',
 14                 DATA_QUERY          => 'SELECT * FROM EUSTOCK',
 15                 CASE_ID_COLUMN_NAME => 'DATES',
 16                 TARGET_COLUMN_NAME  => 'DAX',
 17                 SET_LIST            => v_setlst);
 18  END;
 19  /

PL/SQLプロシージャが正常に完了しました。

SQL>
SQL> -------------------------
SQL> -- Model Results:
SQL> -- DM$VRNSDEMO compares the actuals to the prediction
SQL> --
SQL>
SQL> SELECT * FROM DM$VRMSDEMO_MODEL
  2  FETCH FIRST 10 ROWS ONLY;

PARTITION_NAME    CASE_ID                       DAX                DM$DAX                DM$SMI                DM$CAC               DM$FTSE
_________________ ___________ _____________________ _____________________ _____________________ _____________________ _____________________
DM$$_PNVL         93-01-01       1691.3699999999999    1694.0401311112473    2118.6449040006833    2033.7446429769425    2902.6770952438424
DM$$_PNVL         93-02-07                  1666.49    1687.0218522398704    2178.9698927068089    1955.5753533685759    2858.6882535653322
DM$$_PNVL         93-02-17       1628.8800000000001    1607.4052842456981    2139.3183254752498    1920.0347402936882    2798.9823585745594
DM$$_PNVL         93-03-01                  1613.98    1602.9023940179754    2222.0954056213113    1837.8458290400317    2821.2552940923306
DM$$_PNVL         93-03-05       1633.1800000000001    1607.6090960555091     2227.393278826788     1879.761573547657    2823.9779227253734
DM$$_PNVL         93-03-14       1679.6900000000001    1668.0169234104583    2304.6958987938756     1894.070819055341    2853.2669605429937
DM$$_PNVL         93-03-17       1686.4400000000001    1671.4986381865506    2289.2022612830392    1912.9623416793979    2848.3547414669629
DM$$_PNVL         93-03-25       1692.1600000000001    1700.4827596891673    2335.8565869754461    1943.1015601228951    2913.9233961685009
DM$$_PNVL         93-04-11       1835.0899999999999    1833.2038080235184    2405.6512838675685    1976.4471689070062     2841.872136203981
DM$$_PNVL         93-04-18                   1832.2     1853.786286804499    2405.4762746676588    2001.8416008640772    2878.8020637140294

10行が選択されました。

SQL> /

PARTITION_NAME    CASE_ID                       DAX                DM$DAX                DM$SMI                DM$CAC               DM$FTSE
_________________ ___________ _____________________ _____________________ _____________________ _____________________ _____________________
DM$$_PNVL         93-01-01       1691.3699999999999    1694.0401311112473    2118.6449040006833    2033.7446429769425    2902.6770952438424
DM$$_PNVL         93-02-07                  1666.49    1687.0218522398704    2178.9698927068089    1955.5753533685759    2858.6882535653322
DM$$_PNVL         93-02-17       1628.8800000000001    1607.4052842456981    2139.3183254752498    1920.0347402936882    2798.9823585745594
DM$$_PNVL         93-03-01                  1613.98    1602.9023940179754    2222.0954056213113    1837.8458290400317    2821.2552940923306
DM$$_PNVL         93-03-05       1633.1800000000001    1607.6090960555091     2227.393278826788     1879.761573547657    2823.9779227253734
DM$$_PNVL         93-03-14       1679.6900000000001    1668.0169234104583    2304.6958987938756     1894.070819055341    2853.2669605429937
DM$$_PNVL         93-03-17       1686.4400000000001    1671.4986381865506    2289.2022612830392    1912.9623416793979    2848.3547414669629
DM$$_PNVL         93-03-25       1692.1600000000001    1700.4827596891673    2335.8565869754461    1943.1015601228951    2913.9233961685009
DM$$_PNVL         93-04-11       1835.0899999999999    1833.2038080235184    2405.6512838675685    1976.4471689070062     2841.872136203981
DM$$_PNVL         93-04-18                   1832.2     1853.786286804499    2405.4762746676588    2001.8416008640772    2878.8020637140294

10行が選択されました。

SQL>
SQL> -------------------------
SQL> -- Create Trianing, Actual, and Test Datasets:
SQL> -- DM models show the forcast for the target column
SQL> --
SQL>
SQL> DROP TABLE IF EXISTS tmesm_ms_train;

Table TMESM_MS_TRAINが削除されました。

SQL> CREATE TABLE tmesm_ms_train as
  2  SELECT CASE_ID, DAX, DM$DAX, DM$SMI, DM$CAC, DM$FTSE,
  3         CASE WHEN case_id < to_date('1998-02-03','YYYY-MM-DD')
  4         THEN 0 ELSE 1 END AS prod
  5  FROM DM$VRMSDEMO_Model order by 1
  6  /

Table TMESM_MS_TRAINは作成されました。

SQL> -------------------------
SQL> -- By inserting the actual values into the prediction dataset,
SQL> -- a comparison of the accuracy for the ESM and regression
SQL> -- models can be possible.
SQL> --
SQL>
SQL> DROP TABLE IF EXISTS tmesm_ms_actual;

Table TMESM_MS_ACTUALが削除されました。

SQL> CREATE TABLE tmesm_ms_actual (case_id DATE, DAX binary_double);

Table TMESM_MS_ACTUALは作成されました。

SQL> INSERT INTO tmesm_ms_actual VALUES(DATE '1998-02-04', 4633.008);

1行挿入しました。

SQL> commit;

コミットが完了しました。

SQL> /

コミットが完了しました。

SQL>
SQL> DROP TABLE IF EXISTS tmesm_ms_test;

Table TMESM_MS_TESTが削除されました。

SQL> CREATE TABLE tmesm_ms_test as
  2  SELECT a.case_id, b.DAX, DM$DAX, DM$SMI, DM$CAC, DM$FTSE, 1 prod
  3  FROM   DM$VTMSDEMO_model a, tmesm_ms_actual b
  4  WHERE  a.case_id=b.case_id
  5  /

Table TMESM_MS_TESTは作成されました。

SQL> -------------------------
SQL> -- Column 'prod' is a binary variable indicating a change in the environment,
SQL> -- e.g., the introduction of a new product.
SQL> -- It is an example of an auxillary, or flag, variable that is used by the regression
SQL> -- to improve accuracy. It may represent the presence of a holiday, or encodw
SQL> -- an alternate seasonality (multi-seasonal model)
SQL> --
SQL>
SQL> -------------------------
SQL> -- BUILD GLM MODEL
SQL> --
SQL>
SQL> SET echo OFF;

PL/SQLプロシージャが正常に完了しました。

SQL> DECLARE
  2      v_setlst DBMS_DATA_MINING.SETTING_LIST;
  3  BEGIN
  4      v_setlst('ALGO_NAME')          := 'ALGO_GENERALIZED_LINEAR_MODEL';
  5
  6      DBMS_DATA_MINING.CREATE_MODEL2(
  7                 MODEL_NAME          => 'MS_GLM_MODEL',
  8                 MINING_FUNCTION     => dbms_data_mining.regression,
  9                  DATA_QUERY         => 'SELECT * FROM tmesm_ms_train',
 10                 CASE_ID_COLUMN_NAME => 'CASE_ID',
 11                 TARGET_COLUMN_NAME  => 'DAX',
 12                 SET_LIST            => v_setlst);
 13  END;
 14  /

PL/SQLプロシージャが正常に完了しました。

SQL>
SQL> -----------------------------------------------------------------------
SQL> --                            ANALYZE THE MODEL
SQL> -----------------------------------------------------------------------
SQL>
SQL> -------------------------
SQL> -- DISPLAY MODEL VIEWS
SQL> --
SQL>
SQL> SELECT VIEW_NAME, VIEW_TYPE
  2  FROM   USER_MINING_MODEL_VIEWS
  3  WHERE  MODEL_NAME='MSDEMO_MODEL'
  4  ORDER BY VIEW_NAME;

VIEW_NAME            VIEW_TYPE
____________________ ______________________________________________
DM$VGMSDEMO_MODEL    Global Name-Value Pairs
DM$VPMSDEMO_MODEL    Exponential Smoothing Forecast
DM$VRMSDEMO_MODEL    Exponential Smoothing Regression Build Data
DM$VSMSDEMO_MODEL    Computed Settings
DM$VTMSDEMO_MODEL    Exponential Smoothing Regression Score Data
DM$VWMSDEMO_MODEL    Model Build Alerts

6行が選択されました。

SQL> /

VIEW_NAME            VIEW_TYPE
____________________ ______________________________________________
DM$VGMSDEMO_MODEL    Global Name-Value Pairs
DM$VPMSDEMO_MODEL    Exponential Smoothing Forecast
DM$VRMSDEMO_MODEL    Exponential Smoothing Regression Build Data
DM$VSMSDEMO_MODEL    Computed Settings
DM$VTMSDEMO_MODEL    Exponential Smoothing Regression Score Data
DM$VWMSDEMO_MODEL    Model Build Alerts

6行が選択されました。

SQL> -------------------------
SQL> -- DISPLAY BACKCASTS
SQL> --
SQL>
SQL> SELECT *
  2  FROM   DM$VRMSDEMO_MODEL
  3  ORDER BY CASE_ID
  4  FETCH FIRST 10 ROWS ONLY;

PARTITION_NAME    CASE_ID                       DAX                DM$DAX                DM$SMI                DM$CAC               DM$FTSE
_________________ ___________ _____________________ _____________________ _____________________ _____________________ _____________________
DM$$_PNVL         93-01-01       1691.3699999999999    1694.0401311112473    2118.6449040006833    2033.7446429769425    2902.6770952438424
DM$$_PNVL         93-01-02                  1701.46    1698.2276084266573    2133.5549058140432    2007.5186267505339    2899.0220440852554
DM$$_PNVL         93-01-03                  1690.48    1706.6807381524918    2139.7296600138734    2002.5250080893679      2894.06577154152
DM$$_PNVL         93-01-04                  1685.46    1688.0850679169737    2137.0010258334869    1994.9504337653163    2911.9927006058192
DM$$_PNVL         93-01-05       1686.1500000000001    1694.5226693844338    2155.7193889993173    1989.4355521009941    2909.6400030614814
DM$$_PNVL         93-01-06                  1702.27    1672.4319642839423     2116.121512211113    1985.6875519709815    2900.8028557292027
DM$$_PNVL         93-01-07       1711.9100000000001    1708.7540966319264    2143.9069343903902    2002.1902668969192    2958.4945177312784
DM$$_PNVL         93-01-08                  1714.48    1700.4915828456737    2129.0805525984883    1996.5812889799056    2929.5990544537917
DM$$_PNVL         93-01-09       1708.6500000000001    1719.1673287613294    2166.9819033803683    1995.5751515495285    2961.5597499343644
DM$$_PNVL         93-01-10                  1688.74     1715.637127595505    2173.3828457407644    1990.4945847434146    2963.3938485073122

10行が選択されました。

SQL> /

PARTITION_NAME    CASE_ID                       DAX                DM$DAX                DM$SMI                DM$CAC               DM$FTSE
_________________ ___________ _____________________ _____________________ _____________________ _____________________ _____________________
DM$$_PNVL         93-01-01       1691.3699999999999    1694.0401311112473    2118.6449040006833    2033.7446429769425    2902.6770952438424
DM$$_PNVL         93-01-02                  1701.46    1698.2276084266573    2133.5549058140432    2007.5186267505339    2899.0220440852554
DM$$_PNVL         93-01-03                  1690.48    1706.6807381524918    2139.7296600138734    2002.5250080893679      2894.06577154152
DM$$_PNVL         93-01-04                  1685.46    1688.0850679169737    2137.0010258334869    1994.9504337653163    2911.9927006058192
DM$$_PNVL         93-01-05       1686.1500000000001    1694.5226693844338    2155.7193889993173    1989.4355521009941    2909.6400030614814
DM$$_PNVL         93-01-06                  1702.27    1672.4319642839423     2116.121512211113    1985.6875519709815    2900.8028557292027
DM$$_PNVL         93-01-07       1711.9100000000001    1708.7540966319264    2143.9069343903902    2002.1902668969192    2958.4945177312784
DM$$_PNVL         93-01-08                  1714.48    1700.4915828456737    2129.0805525984883    1996.5812889799056    2929.5990544537917
DM$$_PNVL         93-01-09       1708.6500000000001    1719.1673287613294    2166.9819033803683    1995.5751515495285    2961.5597499343644
DM$$_PNVL         93-01-10                  1688.74     1715.637127595505    2173.3828457407644    1990.4945847434146    2963.3938485073122

10行が選択されました。

SQL> -------------------------
SQL> -- DISPLAY FORECASTS
SQL> --
SQL>
SQL> SELECT *
  2  FROM DM$VTMSDEMO_MODEL
  3  ORDER BY CASE_ID
  4  FETCH FIRST 10 ROWS ONLY;

PARTITION_NAME    CASE_ID        DAX                DM$DAX                DM$SMI                DM$CAC               DM$FTSE
_________________ ___________ ______ _____________________ _____________________ _____________________ _____________________
DM$$_PNVL         98-02-04              4681.1334523868454    7130.5168570440746    3409.3794224228759    5752.0024497188251

1行が選択されました。

SQL> /

PARTITION_NAME    CASE_ID        DAX                DM$DAX                DM$SMI                DM$CAC               DM$FTSE
_________________ ___________ ______ _____________________ _____________________ _____________________ _____________________
DM$$_PNVL         98-02-04              4681.1334523868454    7130.5168570440746    3409.3794224228759    5752.0024497188251

1行が選択されました。

SQL> -------------------------
SQL> -- COMPARE REGRESSION FORECAST (GLM) TO BASELINE (EXPONENTIAL SMOOTHING) FORECAST
SQL> --
SQL>
SQL> SELECT CASE_ID, DAX, regression_forecast, baseline_forecast,
  2         DAX - regression_forecast AS regression_error,
  3         DAX - baseline_forecast AS baseline_error
  4  FROM (SELECT CASE_ID, DAX,
  5               PREDICTION(MS_GLM_model using *) regression_forecast,
  6               DM$DAX baseline_forecast
  7        FROM   tmesm_ms_test
  8        ORDER BY CASE_ID);

CASE_ID     DAX            REGRESSION_FORECAST     BASELINE_FORECAST REGRESSION_ERROR      BASELINE_ERROR
___________ ___________ ______________________ _____________________ _____________________ _____________________
98-02-04    4633.008        4671.6680756480519    4681.1334523868454 -38.66007564805204    -48.12545238684561

1行が選択されました。

SQL> /

CASE_ID     DAX            REGRESSION_FORECAST     BASELINE_FORECAST REGRESSION_ERROR      BASELINE_ERROR
___________ ___________ ______________________ _____________________ _____________________ _____________________
98-02-04    4633.008        4671.6680756480519    4681.1334523868454 -38.66007564805204    -48.12545238684561

1行が選択されました。

SQL> -------------------------
SQL> -- BUILD XGBOOST MODEL
SQL> --
SQL>
SQL> SET echo OFF;

PL/SQLプロシージャが正常に完了しました。

SQL> DECLARE
  2      v_setlst DBMS_DATA_MINING.SETTING_LIST;
  3  BEGIN
  4      v_setlst('ALGO_NAME')          := 'ALGO_XGBOOST';
  5
  6      DBMS_DATA_MINING.CREATE_MODEL2(
  7                 MODEL_NAME          => 'MS_XGB_MODEL',
  8                 MINING_FUNCTION     => dbms_data_mining.regression,
  9                 DATA_QUERY          => 'SELECT * FROM tmesm_ms_train',
 10                 CASE_ID_COLUMN_NAME => 'CASE_ID',
 11                 TARGET_COLUMN_NAME  => 'DAX',
 12                 SET_LIST            => v_setlst);
 13  END;
 14  /

PL/SQLプロシージャが正常に完了しました。

SQL>
SQL> -------------------------
SQL> -- COMPARE REGRESSION FORECAST (XGB) TO BASELINE (EXPONENTIAL SMOOTHING) FORECAST
SQL> --
SQL>
SQL> SELECT CASE_ID, DAX, regression_forecast, baseline_forecast,
  2         DAX - regression_forecast AS regression_error,
  3         DAX - baseline_forecast AS baseline_error
  4  FROM (SELECT CASE_ID, DAX,
  5               PREDICTION(MS_XGB_model using *) regression_forecast,
  6               DM$DAX baseline_forecast
  7        FROM   tmesm_ms_test
  8        ORDER BY CASE_ID);

CASE_ID     DAX            REGRESSION_FORECAST     BASELINE_FORECAST REGRESSION_ERROR     BASELINE_ERROR
___________ ___________ ______________________ _____________________ ____________________ _____________________
98-02-04    4633.008           4540.2783203125    4681.1334523868454 92.72967968749981    -48.12545238684561

1行が選択されました。

SQL> /

CASE_ID     DAX            REGRESSION_FORECAST     BASELINE_FORECAST REGRESSION_ERROR     BASELINE_ERROR
___________ ___________ ______________________ _____________________ ____________________ _____________________
98-02-04    4633.008           4540.2783203125    4681.1334523868454 92.72967968749981    -48.12545238684561

1行が選択されました。

SQL> -----------------------------------------------------------------------
SQL> --   End of script
SQL> -------------------------------------------------------------------------
SQL> exit
